 person_id |     name     | year1 | movie1  | year2 | movie2  | year3 | movie3  
-----------+--------------+-------+---------+-------+---------+-------+---------
         1 | Pitt, Brad   |  2000 | A movie |  2001 | A movie |  2002 | A movie
         2 | Depp, Johnny |  2008 | A movie |  2009 | A movie |  2010 | A movie
(2 rows)

